  Determining projects to restore...
  Restored D:\EcoTech2A\SME-EcoTech2A_BE\SME_Ecotech2A_BE\SME_Ecotech2A.Domain\SME_Ecotech2A.Domain.csproj (in 176 ms).
  Restored d:\EcoTech2A\SME-EcoTech2A_BE\SME_Ecotech2A_BE\SME_Ecotech2A.Application\SME_Ecotech2A.Application.csproj (in 300 ms).
  Restored d:\EcoTech2A\SME-EcoTech2A_BE\SME_Ecotech2A_BE\SME_Ecotech2A.API\SME_Ecotech2A.API.csproj (in 472 ms).
  Restored d:\EcoTech2A\SME-EcoTech2A_BE\SME_Ecotech2A_BE\SME_Ecotech2A.Infrastructure\SME_Ecotech2A.Infrastructure.csproj (in 472 ms).
  SME_Ecotech2A.Domain -> D:\EcoTech2A\SME-EcoTech2A_BE\SME_Ecotech2A_BE\SME_Ecotech2A.Domain\bin\Debug\net8.0\SME_Ecotech2A.Domain.dll
  SME_Ecotech2A.Application -> d:\EcoTech2A\SME-EcoTech2A_BE\SME_Ecotech2A_BE\SME_Ecotech2A.Application\bin\Debug\net8.0\SME_Ecotech2A.Application.dll
  SME_Ecotech2A.Infrastructure -> d:\EcoTech2A\SME-EcoTech2A_BE\SME_Ecotech2A_BE\SME_Ecotech2A.Infrastructure\bin\Debug\net8.0\SME_Ecotech2A.Infrastructure.dll
d:\EcoTech2A\SME-EcoTech2A_BE\SME_Ecotech2A_BE\SME_Ecotech2A.API\Common\Response\ApiResponse.cs(19,105): warning CS8625: Cannot convert null literal to non-nullable reference type. [d:\EcoTech2A\SME-EcoTech2A_BE\SME_Ecotech2A_BE\SME_Ecotech2A.API\SME_Ecotech2A.API.csproj]
d:\EcoTech2A\SME-EcoTech2A_BE\SME_Ecotech2A_BE\SME_Ecotech2A.API\Common\Response\ApiResponse.cs(41,67): warning CS8604: Possible null reference argument for parameter 'data' in 'ApiResponse<T>.ApiResponse(bool success, int statusCode, string message, T data, List<string> errors = null)'. [d:\EcoTech2A\SME-EcoTech2A_BE\SME_Ecotech2A_BE\SME_Ecotech2A.API\SME_Ecotech2A.API.csproj]
d:\EcoTech2A\SME-EcoTech2A_BE\SME_Ecotech2A_BE\SME_Ecotech2A.API\Common\Response\ApiResponse.cs(46,108): warning CS8604: Possible null reference argument for parameter 'data' in 'ApiResponse<T>.ApiResponse(bool success, int statusCode, string message, T data, List<string> errors = null)'. [d:\EcoTech2A\SME-EcoTech2A_BE\SME_Ecotech2A_BE\SME_Ecotech2A.API\SME_Ecotech2A.API.csproj]
d:\EcoTech2A\SME-EcoTech2A_BE\SME_Ecotech2A_BE\SME_Ecotech2A.API\Common\Response\ApiResponse.cs(51,85): warning CS8604: Possible null reference argument for parameter 'data' in 'ApiResponse<T>.ApiResponse(bool success, int statusCode, string message, T data, List<string> errors = null)'. [d:\EcoTech2A\SME-EcoTech2A_BE\SME_Ecotech2A_BE\SME_Ecotech2A.API\SME_Ecotech2A.API.csproj]
d:\EcoTech2A\SME-EcoTech2A_BE\SME_Ecotech2A_BE\SME_Ecotech2A.API\Program.cs(14,6): error CS7036: There is no argument given that corresponds to the required parameter 'configuration' of 'DependencyInjection.AddInfrastructure(IServiceCollection, IConfiguration)' [d:\EcoTech2A\SME-EcoTech2A_BE\SME_Ecotech2A_BE\SME_Ecotech2A.API\SME_Ecotech2A.API.csproj]

Build FAILED.

d:\EcoTech2A\SME-EcoTech2A_BE\SME_Ecotech2A_BE\SME_Ecotech2A.API\Common\Response\ApiResponse.cs(19,105): warning CS8625: Cannot convert null literal to non-nullable reference type. [d:\EcoTech2A\SME-EcoTech2A_BE\SME_Ecotech2A_BE\SME_Ecotech2A.API\SME_Ecotech2A.API.csproj]
d:\EcoTech2A\SME-EcoTech2A_BE\SME_Ecotech2A_BE\SME_Ecotech2A.API\Common\Response\ApiResponse.cs(41,67): warning CS8604: Possible null reference argument for parameter 'data' in 'ApiResponse<T>.ApiResponse(bool success, int statusCode, string message, T data, List<string> errors = null)'. [d:\EcoTech2A\SME-EcoTech2A_BE\SME_Ecotech2A_BE\SME_Ecotech2A.API\SME_Ecotech2A.API.csproj]
d:\EcoTech2A\SME-EcoTech2A_BE\SME_Ecotech2A_BE\SME_Ecotech2A.API\Common\Response\ApiResponse.cs(46,108): warning CS8604: Possible null reference argument for parameter 'data' in 'ApiResponse<T>.ApiResponse(bool success, int statusCode, string message, T data, List<string> errors = null)'. [d:\EcoTech2A\SME-EcoTech2A_BE\SME_Ecotech2A_BE\SME_Ecotech2A.API\SME_Ecotech2A.API.csproj]
d:\EcoTech2A\SME-EcoTech2A_BE\SME_Ecotech2A_BE\SME_Ecotech2A.API\Common\Response\ApiResponse.cs(51,85): warning CS8604: Possible null reference argument for parameter 'data' in 'ApiResponse<T>.ApiResponse(bool success, int statusCode, string message, T data, List<string> errors = null)'. [d:\EcoTech2A\SME-EcoTech2A_BE\SME_Ecotech2A_BE\SME_Ecotech2A.API\SME_Ecotech2A.API.csproj]
d:\EcoTech2A\SME-EcoTech2A_BE\SME_Ecotech2A_BE\SME_Ecotech2A.API\Program.cs(14,6): error CS7036: There is no argument given that corresponds to the required parameter 'configuration' of 'DependencyInjection.AddInfrastructure(IServiceCollection, IConfiguration)' [d:\EcoTech2A\SME-EcoTech2A_BE\SME_Ecotech2A_BE\SME_Ecotech2A.API\SME_Ecotech2A.API.csproj]
    4 Warning(s)
    1 Error(s)

Time Elapsed 00:00:02.73
